1769345876.198118 client started (102878): version 3.5a, socket /tmp/tmux-1000/default, protocol 8
1769345876.198150 on Linux 6.18.5-200.fc43.x86_64 #1 SMP PREEMPT_DYNAMIC Sun Jan 11 17:09:32 UTC 2026
1769345876.198165 using libevent 2.1.12-stable poll
1769345876.198174 using ncurses 6.5 20250614
1769345876.198198 flags are 0x10010000
1769345876.198221 socket is /tmp/tmux-1000/default
1769345876.198266 trying connect
1769345876.198366 add peer 0x5597dbb48290: 6 ((nil))
1769345876.198884 sending message 111 to peer 0x5597dbb48290 (8 bytes)
1769345876.198898 sending message 111 to peer 0x5597dbb48290 (8 bytes)
1769345876.198906 sending message 101 to peer 0x5597dbb48290 (14 bytes)
1769345876.198915 sending message 109 to peer 0x5597dbb48290 (4 bytes)
1769345876.198924 sending message 102 to peer 0x5597dbb48290 (11 bytes)
1769345876.198933 sending message 108 to peer 0x5597dbb48290 (29 bytes)
1769345876.198941 sending message 112 to peer 0x5597dbb48290 (70 bytes)
1769345876.198950 sending message 112 to peer 0x5597dbb48290 (5 bytes)
1769345876.198958 sending message 112 to peer 0x5597dbb48290 (5 bytes)
1769345876.198964 sending message 112 to peer 0x5597dbb48290 (6 bytes)
1769345876.198971 sending message 112 to peer 0x5597dbb48290 (6 bytes)
1769345876.198977 sending message 112 to peer 0x5597dbb48290 (11 bytes)
1769345876.198984 sending message 112 to peer 0x5597dbb48290 (10 bytes)
1769345876.198991 sending message 112 to peer 0x5597dbb48290 (13 bytes)
1769345876.198997 sending message 112 to peer 0x5597dbb48290 (13 bytes)
1769345876.199004 sending message 112 to peer 0x5597dbb48290 (18 bytes)
1769345876.199010 sending message 112 to peer 0x5597dbb48290 (11 bytes)
1769345876.199017 sending message 112 to peer 0x5597dbb48290 (10 bytes)
1769345876.199024 sending message 112 to peer 0x5597dbb48290 (15 bytes)
1769345876.199031 sending message 112 to peer 0x5597dbb48290 (21 bytes)
1769345876.199037 sending message 112 to peer 0x5597dbb48290 (13 bytes)
1769345876.199044 sending message 112 to peer 0x5597dbb48290 (7 bytes)
1769345876.199051 sending message 112 to peer 0x5597dbb48290 (13 bytes)
1769345876.199057 sending message 112 to peer 0x5597dbb48290 (7 bytes)
1769345876.199063 sending message 112 to peer 0x5597dbb48290 (13 bytes)
1769345876.199070 sending message 112 to peer 0x5597dbb48290 (9 bytes)
1769345876.199077 sending message 112 to peer 0x5597dbb48290 (21 bytes)
1769345876.199084 sending message 112 to peer 0x5597dbb48290 (13 bytes)
1769345876.199090 sending message 112 to peer 0x5597dbb48290 (8 bytes)
1769345876.199097 sending message 112 to peer 0x5597dbb48290 (12 bytes)
1769345876.199103 sending message 112 to peer 0x5597dbb48290 (13 bytes)
1769345876.199110 sending message 112 to peer 0x5597dbb48290 (9 bytes)
1769345876.199116 sending message 112 to peer 0x5597dbb48290 (9 bytes)
1769345876.199123 sending message 112 to peer 0x5597dbb48290 (12 bytes)
1769345876.199130 sending message 112 to peer 0x5597dbb48290 (8 bytes)
1769345876.199136 sending message 112 to peer 0x5597dbb48290 (8 bytes)
1769345876.199143 sending message 112 to peer 0x5597dbb48290 (7 bytes)
1769345876.199149 sending message 112 to peer 0x5597dbb48290 (7 bytes)
1769345876.199156 sending message 112 to peer 0x5597dbb48290 (9 bytes)
1769345876.199163 sending message 112 to peer 0x5597dbb48290 (13 bytes)
1769345876.199169 sending message 112 to peer 0x5597dbb48290 (6 bytes)
1769345876.199176 sending message 112 to peer 0x5597dbb48290 (9 bytes)
1769345876.199183 sending message 112 to peer 0x5597dbb48290 (15 bytes)
1769345876.199189 sending message 112 to peer 0x5597dbb48290 (13 bytes)
1769345876.199196 sending message 112 to peer 0x5597dbb48290 (12 bytes)
1769345876.199202 sending message 112 to peer 0x5597dbb48290 (8 bytes)
1769345876.199209 sending message 112 to peer 0x5597dbb48290 (14 bytes)
1769345876.199216 sending message 112 to peer 0x5597dbb48290 (11 bytes)
1769345876.199222 sending message 112 to peer 0x5597dbb48290 (9 bytes)
1769345876.199242 sending message 112 to peer 0x5597dbb48290 (10 bytes)
1769345876.199249 sending message 112 to peer 0x5597dbb48290 (10 bytes)
1769345876.199265 sending message 112 to peer 0x5597dbb48290 (10 bytes)
1769345876.199276 sending message 112 to peer 0x5597dbb48290 (10 bytes)
1769345876.199283 sending message 112 to peer 0x5597dbb48290 (11 bytes)
1769345876.199290 sending message 112 to peer 0x5597dbb48290 (12 bytes)
1769345876.199296 sending message 112 to peer 0x5597dbb48290 (12 bytes)
1769345876.199303 sending message 112 to peer 0x5597dbb48290 (12 bytes)
1769345876.199310 sending message 112 to peer 0x5597dbb48290 (12 bytes)
1769345876.199316 sending message 112 to peer 0x5597dbb48290 (12 bytes)
1769345876.199323 sending message 112 to peer 0x5597dbb48290 (11 bytes)
1769345876.199330 sending message 112 to peer 0x5597dbb48290 (11 bytes)
1769345876.199337 sending message 112 to peer 0x5597dbb48290 (12 bytes)
1769345876.199344 sending message 112 to peer 0x5597dbb48290 (12 bytes)
1769345876.199350 sending message 112 to peer 0x5597dbb48290 (12 bytes)
1769345876.199357 sending message 112 to peer 0x5597dbb48290 (12 bytes)
1769345876.199364 sending message 112 to peer 0x5597dbb48290 (12 bytes)
1769345876.199370 sending message 112 to peer 0x5597dbb48290 (10 bytes)
1769345876.199377 sending message 112 to peer 0x5597dbb48290 (12 bytes)
1769345876.199384 sending message 112 to peer 0x5597dbb48290 (13 bytes)
1769345876.199390 sending message 112 to peer 0x5597dbb48290 (13 bytes)
1769345876.199397 sending message 112 to peer 0x5597dbb48290 (13 bytes)
1769345876.199404 sending message 112 to peer 0x5597dbb48290 (13 bytes)
1769345876.199410 sending message 112 to peer 0x5597dbb48290 (13 bytes)
1769345876.199417 sending message 112 to peer 0x5597dbb48290 (8 bytes)
1769345876.199424 sending message 112 to peer 0x5597dbb48290 (11 bytes)
1769345876.199430 sending message 112 to peer 0x5597dbb48290 (11 bytes)
1769345876.199437 sending message 112 to peer 0x5597dbb48290 (11 bytes)
1769345876.199444 sending message 112 to peer 0x5597dbb48290 (12 bytes)
1769345876.199450 sending message 112 to peer 0x5597dbb48290 (12 bytes)
1769345876.199457 sending message 112 to peer 0x5597dbb48290 (12 bytes)
1769345876.199464 sending message 112 to peer 0x5597dbb48290 (12 bytes)
1769345876.199470 sending message 112 to peer 0x5597dbb48290 (13 bytes)
1769345876.199477 sending message 112 to peer 0x5597dbb48290 (13 bytes)
1769345876.199484 sending message 112 to peer 0x5597dbb48290 (13 bytes)
1769345876.199490 sending message 112 to peer 0x5597dbb48290 (8 bytes)
1769345876.199497 sending message 112 to peer 0x5597dbb48290 (13 bytes)
1769345876.199504 sending message 112 to peer 0x5597dbb48290 (13 bytes)
1769345876.199511 sending message 112 to peer 0x5597dbb48290 (13 bytes)
1769345876.199517 sending message 112 to peer 0x5597dbb48290 (13 bytes)
1769345876.199524 sending message 112 to peer 0x5597dbb48290 (13 bytes)
1769345876.199531 sending message 112 to peer 0x5597dbb48290 (12 bytes)
1769345876.199537 sending message 112 to peer 0x5597dbb48290 (12 bytes)
1769345876.199544 sending message 112 to peer 0x5597dbb48290 (12 bytes)
1769345876.199550 sending message 112 to peer 0x5597dbb48290 (12 bytes)
1769345876.199557 sending message 112 to peer 0x5597dbb48290 (13 bytes)
1769345876.199564 sending message 112 to peer 0x5597dbb48290 (8 bytes)
1769345876.199571 sending message 112 to peer 0x5597dbb48290 (13 bytes)
1769345876.199578 sending message 112 to peer 0x5597dbb48290 (13 bytes)
1769345876.199584 sending message 112 to peer 0x5597dbb48290 (13 bytes)
1769345876.199591 sending message 112 to peer 0x5597dbb48290 (13 bytes)
1769345876.199597 sending message 112 to peer 0x5597dbb48290 (13 bytes)
1769345876.199604 sending message 112 to peer 0x5597dbb48290 (13 bytes)
1769345876.199611 sending message 112 to peer 0x5597dbb48290 (13 bytes)
1769345876.199618 sending message 112 to peer 0x5597dbb48290 (12 bytes)
1769345876.199624 sending message 112 to peer 0x5597dbb48290 (12 bytes)
1769345876.199631 sending message 112 to peer 0x5597dbb48290 (12 bytes)
1769345876.199637 sending message 112 to peer 0x5597dbb48290 (8 bytes)
1769345876.199644 sending message 112 to peer 0x5597dbb48290 (12 bytes)
1769345876.199656 sending message 112 to peer 0x5597dbb48290 (13 bytes)
1769345876.199665 sending message 112 to peer 0x5597dbb48290 (13 bytes)
1769345876.199672 sending message 112 to peer 0x5597dbb48290 (13 bytes)
1769345876.199678 sending message 112 to peer 0x5597dbb48290 (13 bytes)
1769345876.199685 sending message 112 to peer 0x5597dbb48290 (13 bytes)
1769345876.199692 sending message 112 to peer 0x5597dbb48290 (13 bytes)
1769345876.199698 sending message 112 to peer 0x5597dbb48290 (13 bytes)
1769345876.199705 sending message 112 to peer 0x5597dbb48290 (13 bytes)
1769345876.199712 sending message 112 to peer 0x5597dbb48290 (12 bytes)
1769345876.199719 sending message 112 to peer 0x5597dbb48290 (10 bytes)
1769345876.199725 sending message 112 to peer 0x5597dbb48290 (12 bytes)
1769345876.199732 sending message 112 to peer 0x5597dbb48290 (12 bytes)
1769345876.199738 sending message 112 to peer 0x5597dbb48290 (12 bytes)
1769345876.199745 sending message 112 to peer 0x5597dbb48290 (13 bytes)
1769345876.199751 sending message 112 to peer 0x5597dbb48290 (13 bytes)
1769345876.199758 sending message 112 to peer 0x5597dbb48290 (13 bytes)
1769345876.199765 sending message 112 to peer 0x5597dbb48290 (13 bytes)
1769345876.199772 sending message 112 to peer 0x5597dbb48290 (13 bytes)
1769345876.199778 sending message 112 to peer 0x5597dbb48290 (13 bytes)
1769345876.199785 sending message 112 to peer 0x5597dbb48290 (13 bytes)
1769345876.199792 sending message 112 to peer 0x5597dbb48290 (10 bytes)
1769345876.199798 sending message 112 to peer 0x5597dbb48290 (13 bytes)
1769345876.199805 sending message 112 to peer 0x5597dbb48290 (12 bytes)
1769345876.199811 sending message 112 to peer 0x5597dbb48290 (12 bytes)
1769345876.199818 sending message 112 to peer 0x5597dbb48290 (12 bytes)
1769345876.199825 sending message 112 to peer 0x5597dbb48290 (10 bytes)
1769345876.199832 sending message 112 to peer 0x5597dbb48290 (10 bytes)
1769345876.199838 sending message 112 to peer 0x5597dbb48290 (10 bytes)
1769345876.199845 sending message 112 to peer 0x5597dbb48290 (12 bytes)
1769345876.199852 sending message 112 to peer 0x5597dbb48290 (13 bytes)
1769345876.199858 sending message 112 to peer 0x5597dbb48290 (13 bytes)
1769345876.199865 sending message 112 to peer 0x5597dbb48290 (13 bytes)
1769345876.199872 sending message 112 to peer 0x5597dbb48290 (13 bytes)
1769345876.199878 sending message 112 to peer 0x5597dbb48290 (13 bytes)
1769345876.199885 sending message 112 to peer 0x5597dbb48290 (11 bytes)
1769345876.199892 sending message 112 to peer 0x5597dbb48290 (11 bytes)
1769345876.199898 sending message 112 to peer 0x5597dbb48290 (12 bytes)
1769345876.199905 sending message 112 to peer 0x5597dbb48290 (12 bytes)
1769345876.199911 sending message 112 to peer 0x5597dbb48290 (12 bytes)
1769345876.199918 sending message 112 to peer 0x5597dbb48290 (12 bytes)
1769345876.199925 sending message 112 to peer 0x5597dbb48290 (12 bytes)
1769345876.199932 sending message 112 to peer 0x5597dbb48290 (11 bytes)
1769345876.199938 sending message 112 to peer 0x5597dbb48290 (12 bytes)
1769345876.199945 sending message 112 to peer 0x5597dbb48290 (12 bytes)
1769345876.199951 sending message 112 to peer 0x5597dbb48290 (13 bytes)
1769345876.199958 sending message 112 to peer 0x5597dbb48290 (13 bytes)
1769345876.199965 sending message 112 to peer 0x5597dbb48290 (13 bytes)
1769345876.199971 sending message 112 to peer 0x5597dbb48290 (13 bytes)
1769345876.199978 sending message 112 to peer 0x5597dbb48290 (13 bytes)
1769345876.199985 sending message 112 to peer 0x5597dbb48290 (10 bytes)
1769345876.199991 sending message 112 to peer 0x5597dbb48290 (9 bytes)
1769345876.199998 sending message 112 to peer 0x5597dbb48290 (12 bytes)
1769345876.200005 sending message 112 to peer 0x5597dbb48290 (13 bytes)
1769345876.200012 sending message 112 to peer 0x5597dbb48290 (13 bytes)
1769345876.200017 sending message 112 to peer 0x5597dbb48290 (13 bytes)
1769345876.200023 sending message 112 to peer 0x5597dbb48290 (13 bytes)
1769345876.200028 sending message 112 to peer 0x5597dbb48290 (13 bytes)
1769345876.200038 sending message 112 to peer 0x5597dbb48290 (9 bytes)
1769345876.200045 sending message 112 to peer 0x5597dbb48290 (12 bytes)
1769345876.200051 sending message 112 to peer 0x5597dbb48290 (13 bytes)
1769345876.200056 sending message 112 to peer 0x5597dbb48290 (13 bytes)
1769345876.200062 sending message 112 to peer 0x5597dbb48290 (13 bytes)
1769345876.200067 sending message 112 to peer 0x5597dbb48290 (13 bytes)
1769345876.200073 sending message 112 to peer 0x5597dbb48290 (13 bytes)
1769345876.200078 sending message 112 to peer 0x5597dbb48290 (11 bytes)
1769345876.200084 sending message 112 to peer 0x5597dbb48290 (12 bytes)
1769345876.200090 sending message 112 to peer 0x5597dbb48290 (13 bytes)
1769345876.200095 sending message 112 to peer 0x5597dbb48290 (13 bytes)
1769345876.200101 sending message 112 to peer 0x5597dbb48290 (13 bytes)
1769345876.200107 sending message 112 to peer 0x5597dbb48290 (13 bytes)
1769345876.200112 sending message 112 to peer 0x5597dbb48290 (13 bytes)
1769345876.200118 sending message 112 to peer 0x5597dbb48290 (11 bytes)
1769345876.200130 sending message 112 to peer 0x5597dbb48290 (12 bytes)
1769345876.200136 sending message 112 to peer 0x5597dbb48290 (12 bytes)
1769345876.200141 sending message 112 to peer 0x5597dbb48290 (12 bytes)
1769345876.200147 sending message 112 to peer 0x5597dbb48290 (12 bytes)
1769345876.200152 sending message 112 to peer 0x5597dbb48290 (12 bytes)
1769345876.200158 sending message 112 to peer 0x5597dbb48290 (21 bytes)
1769345876.200164 sending message 112 to peer 0x5597dbb48290 (12 bytes)
1769345876.200169 sending message 112 to peer 0x5597dbb48290 (9 bytes)
1769345876.200175 sending message 112 to peer 0x5597dbb48290 (6 bytes)
1769345876.200180 sending message 112 to peer 0x5597dbb48290 (13 bytes)
1769345876.200186 sending message 112 to peer 0x5597dbb48290 (8 bytes)
1769345876.200192 sending message 112 to peer 0x5597dbb48290 (15 bytes)
1769345876.200197 sending message 112 to peer 0x5597dbb48290 (13 bytes)
1769345876.200203 sending message 112 to peer 0x5597dbb48290 (9 bytes)
1769345876.200209 sending message 112 to peer 0x5597dbb48290 (70 bytes)
1769345876.200214 sending message 112 to peer 0x5597dbb48290 (69 bytes)
1769345876.200220 sending message 112 to peer 0x5597dbb48290 (10 bytes)
1769345876.200225 sending message 112 to peer 0x5597dbb48290 (10 bytes)
1769345876.200247 sending message 112 to peer 0x5597dbb48290 (8 bytes)
1769345876.200254 sending message 112 to peer 0x5597dbb48290 (15 bytes)
1769345876.200260 sending message 112 to peer 0x5597dbb48290 (13 bytes)
1769345876.200266 sending message 112 to peer 0x5597dbb48290 (10 bytes)
1769345876.200272 sending message 112 to peer 0x5597dbb48290 (10 bytes)
1769345876.200278 sending message 112 to peer 0x5597dbb48290 (17 bytes)
1769345876.200283 sending message 112 to peer 0x5597dbb48290 (10 bytes)
1769345876.200289 sending message 112 to peer 0x5597dbb48290 (13 bytes)
1769345876.200295 sending message 112 to peer 0x5597dbb48290 (9 bytes)
1769345876.200300 sending message 112 to peer 0x5597dbb48290 (5 bytes)
1769345876.200307 sending message 112 to peer 0x5597dbb48290 (15 bytes)
1769345876.200313 sending message 104 to peer 0x5597dbb48290 (0 bytes)
1769345876.200319 sending message 110 to peer 0x5597dbb48290 (0 bytes)
1769345876.200325 sending message 107 to peer 0x5597dbb48290 (4 bytes)
1769345876.200331 sending message 105 to peer 0x5597dbb48290 (29 bytes)
1769345876.200336 sending message 105 to peer 0x5597dbb48290 (16 bytes)
1769345876.200342 sending message 105 to peer 0x5597dbb48290 (16 bytes)
1769345876.200347 sending message 105 to peer 0x5597dbb48290 (25 bytes)
1769345876.200353 sending message 105 to peer 0x5597dbb48290 (20 bytes)
1769345876.200359 sending message 105 to peer 0x5597dbb48290 (22 bytes)
1769345876.200364 sending message 105 to peer 0x5597dbb48290 (23 bytes)
1769345876.200370 sending message 105 to peer 0x5597dbb48290 (26 bytes)
1769345876.200376 sending message 105 to peer 0x5597dbb48290 (20 bytes)
1769345876.200381 sending message 105 to peer 0x5597dbb48290 (35 bytes)
1769345876.200391 sending message 105 to peer 0x5597dbb48290 (14 bytes)
1769345876.200399 sending message 105 to peer 0x5597dbb48290 (16 bytes)
1769345876.200404 sending message 105 to peer 0x5597dbb48290 (23 bytes)
1769345876.200410 sending message 105 to peer 0x5597dbb48290 (63 bytes)
1769345876.200416 sending message 105 to peer 0x5597dbb48290 (25 bytes)
1769345876.200421 sending message 105 to peer 0x5597dbb48290 (64 bytes)
1769345876.200427 sending message 105 to peer 0x5597dbb48290 (16 bytes)
1769345876.200432 sending message 105 to peer 0x5597dbb48290 (19 bytes)
1769345876.200438 sending message 105 to peer 0x5597dbb48290 (21 bytes)
1769345876.200444 sending message 105 to peer 0x5597dbb48290 (15 bytes)
1769345876.200449 sending message 105 to peer 0x5597dbb48290 (33 bytes)
1769345876.200455 sending message 105 to peer 0x5597dbb48290 (29 bytes)
1769345876.200461 sending message 105 to peer 0x5597dbb48290 (18 bytes)
1769345876.200466 sending message 105 to peer 0x5597dbb48290 (25 bytes)
1769345876.200472 sending message 105 to peer 0x5597dbb48290 (35 bytes)
1769345876.200477 sending message 105 to peer 0x5597dbb48290 (24 bytes)
1769345876.200483 sending message 105 to peer 0x5597dbb48290 (21 bytes)
1769345876.200489 sending message 105 to peer 0x5597dbb48290 (46 bytes)
1769345876.200494 sending message 105 to peer 0x5597dbb48290 (21 bytes)
1769345876.200500 sending message 105 to peer 0x5597dbb48290 (19 bytes)
1769345876.200506 sending message 105 to peer 0x5597dbb48290 (51 bytes)
1769345876.200511 sending message 105 to peer 0x5597dbb48290 (17 bytes)
1769345876.200517 sending message 105 to peer 0x5597dbb48290 (30 bytes)
1769345876.200523 sending message 105 to peer 0x5597dbb48290 (1923 bytes)
1769345876.200535 sending message 105 to peer 0x5597dbb48290 (29 bytes)
1769345876.200541 sending message 105 to peer 0x5597dbb48290 (20 bytes)
1769345876.200546 sending message 105 to peer 0x5597dbb48290 (26 bytes)
1769345876.200552 sending message 105 to peer 0x5597dbb48290 (45 bytes)
1769345876.200558 sending message 105 to peer 0x5597dbb48290 (50 bytes)
1769345876.200563 sending message 105 to peer 0x5597dbb48290 (38 bytes)
1769345876.200569 sending message 105 to peer 0x5597dbb48290 (26 bytes)
1769345876.200575 sending message 105 to peer 0x5597dbb48290 (29 bytes)
1769345876.200580 sending message 105 to peer 0x5597dbb48290 (73 bytes)
1769345876.200586 sending message 105 to peer 0x5597dbb48290 (41 bytes)
1769345876.200591 sending message 105 to peer 0x5597dbb48290 (23 bytes)
1769345876.200597 sending message 105 to peer 0x5597dbb48290 (29 bytes)
1769345876.200603 sending message 105 to peer 0x5597dbb48290 (19 bytes)
1769345876.200608 sending message 105 to peer 0x5597dbb48290 (35 bytes)
1769345876.200614 sending message 105 to peer 0x5597dbb48290 (15 bytes)
1769345876.200619 sending message 105 to peer 0x5597dbb48290 (13 bytes)
1769345876.200625 sending message 105 to peer 0x5597dbb48290 (91 bytes)
1769345876.200631 sending message 105 to peer 0x5597dbb48290 (11 bytes)
1769345876.200636 sending message 105 to peer 0x5597dbb48290 (8 bytes)
1769345876.200642 sending message 105 to peer 0x5597dbb48290 (14 bytes)
1769345876.200648 sending message 105 to peer 0x5597dbb48290 (21 bytes)
1769345876.200653 sending message 105 to peer 0x5597dbb48290 (24 bytes)
1769345876.200659 sending message 105 to peer 0x5597dbb48290 (11 bytes)
1769345876.200664 sending message 105 to peer 0x5597dbb48290 (17 bytes)
1769345876.200670 sending message 105 to peer 0x5597dbb48290 (31 bytes)
1769345876.200676 sending message 105 to peer 0x5597dbb48290 (80 bytes)
1769345876.200681 sending message 105 to peer 0x5597dbb48290 (40 bytes)
1769345876.200687 sending message 105 to peer 0x5597dbb48290 (126 bytes)
1769345876.200693 sending message 105 to peer 0x5597dbb48290 (442 bytes)
1769345876.200699 sending message 105 to peer 0x5597dbb48290 (20 bytes)
1769345876.200704 sending message 105 to peer 0x5597dbb48290 (54 bytes)
1769345876.200710 sending message 105 to peer 0x5597dbb48290 (31 bytes)
1769345876.200715 sending message 105 to peer 0x5597dbb48290 (23 bytes)
1769345876.200725 sending message 105 to peer 0x5597dbb48290 (19 bytes)
1769345876.200733 sending message 105 to peer 0x5597dbb48290 (18 bytes)
1769345876.200739 sending message 105 to peer 0x5597dbb48290 (16 bytes)
1769345876.200744 sending message 106 to peer 0x5597dbb48290 (0 bytes)
1769345876.200786 sending message 200 to peer 0x5597dbb48290 (4 bytes)
1769345876.200791 client loop enter
1769345876.201309 peer 0x5597dbb48290 message 303
1769345876.201319 open write file 2 -
1769345876.201328 sending message 305 to peer 0x5597dbb48290 (8 bytes)
1769345876.201337 write check file 2
1769345876.201536 peer 0x5597dbb48290 message 304
1769345876.201545 write 58 to file 2
1769345876.201553 peer 0x5597dbb48290 message 203
1769345876.201558 file 2 58 bytes left
1769345876.201575 write check file 2
1769345876.201580 client loop exit
